﻿
> react-example@0.0.0 build
> vite build

[36mvite v6.4.2 [32mbuilding for production...[36m[39m
transforming...
[32mΓ£ô[39m 2740 modules transformed.
node.exe : [31mΓ£ù[39m Build 
failed in 7.30s
At C:\Users\aryas\AppData\Roaming\np
m\npm.ps1:24 char:5
+     & "node$exe"  "$basedir/node_m
odules/npm/bin/npm-cli.js" $args
+     ~~~~~~~~~~~~~~~~~~~~~~~~~~~~~~
~~~~~~~~~~~~~~~~~~~~~~~~~~~~~~~~
    + CategoryInfo          : NotSp 
   ecified: ([31mΓ£ù[39m Build f  
  ailed in 7.30s:String) [], Remo   
 teException
    + FullyQualifiedErrorId : Nativ 
   eCommandError
 
[31merror during build:
[31msrc/lib/gemini.ts (1:9): 
"GoogleGenerativeAI" is not 
exported by "node_modules/@google/ge
nai/dist/web/index.mjs", imported 
by "src/lib/gemini.ts".[31m
file: [36mD:/enterprise-it-observab
ility-dashboard/src/lib/gemini.ts:1:
9[31m
[33m
1: import { GoogleGenerativeAI } 
from "@google/genai";
            ^
2: 
3: const API_KEY = 
import.meta.env.VITE_GEMINI_API_KEY 
|| "";
[31m
    at getRollupError (file:///D:/en
terprise-it-observability-dashboard/
node_modules/rollup/dist/es/shared/p
arseAst.js:406:41)
    at error (file:///D:/enterprise-
it-observability-dashboard/node_modu
les/rollup/dist/es/shared/parseAst.j
s:402:42)
    at Module.error (file:///D:/ente
rprise-it-observability-dashboard/no
de_modules/rollup/dist/es/shared/nod
e-entry.js:17380:16)
    at Module.traceVariable (file://
/D:/enterprise-it-observability-dash
board/node_modules/rollup/dist/es/sh
ared/node-entry.js:17813:29)
    at ModuleScope.findVariable (fil
e:///D:/enterprise-it-observability-
dashboard/node_modules/rollup/dist/e
s/shared/node-entry.js:15403:39)
    at Identifier.bind (file:///D:/e
nterprise-it-observability-dashboard
/node_modules/rollup/dist/es/shared/
node-entry.js:5450:40)
    at NewExpression.bind (file:///D
:/enterprise-it-observability-dashbo
ard/node_modules/rollup/dist/es/shar
ed/node-entry.js:2832:23)
    at VariableDeclarator.bind (file
:///D:/enterprise-it-observability-d
ashboard/node_modules/rollup/dist/es
/shared/node-entry.js:2832:23)
    at VariableDeclaration.bind (fil
e:///D:/enterprise-it-observability-
dashboard/node_modules/rollup/dist/e
s/shared/node-entry.js:2828:28)
    at Program.bind (file:///D:/ente
rprise-it-observability-dashboard/no
de_modules/rollup/dist/es/shared/nod
e-entry.js:2828:28)[39m
